../Core/Src/main.c:108:1:__io_putchar	16	static
../Core/Src/main.c:120:6:EncoderUpdateData	32	static
../Core/Src/main.c:151:6:EncoderEnable	16	static
../Core/Src/main.c:163:6:EncoderDisable	16	static
../Core/Src/main.c:176:5:main	24	static
../Core/Src/main.c:259:6:SystemClock_Config	88	static
../Core/Src/main.c:317:13:MX_ETH_Init	8	static
../Core/Src/main.c:366:13:MX_TIM1_Init	56	static
../Core/Src/main.c:417:13:MX_TIM3_Init	56	static
../Core/Src/main.c:466:13:MX_USART3_UART_Init	8	static
../Core/Src/main.c:501:13:MX_USB_OTG_FS_PCD_Init	8	static
../Core/Src/main.c:534:13:MX_DMA_Init	16	static
../Core/Src/main.c:552:13:MX_GPIO_Init	56	static
../Core/Src/main.c:611:6:Error_Handler	4	static,ignoring_inline_asm
